// Jest Snapshot v1, https://goo.gl/fbAQLP

exports[`renders correctly 1`] = `
<RCTSafeAreaView
  emulateUnlessSupported={true}
>
  <RCTScrollView
    contentInsetAdjustmentBehavior="automatic"
    style={Object {}}
  >
    <View>
      <Text
        style={
          Object {
            "fontSize": 20,
          }
        }
      >
        Hello
      </Text>
    </View>
  </RCTScrollView>
</RCTSafeAreaView>
`;
